// Jest Snapshot v1, https://goo.gl/fbAQLP

exports[`renders a snapshot 1`] = `
<div
  className="App"
>
  <header
    className="App-header"
  >
    <img
      alt="logo"
      className="App-logo"
      src="logo.svg"
    />
    <p>
      Edit 
      <code>
        src/App.js
      </code>
       and save to reload.
    </p>
    <a
      className="App-link"
      href="https://reactjs.org"
      rel="noopener noreferrer"
      target="_blank"
    >
      Learn React
    </a>
    <h2>
      H2 Test
    </h2>
    <div>
      <div
        className="card"
      >
        <img
          className="card-img-top"
          src="../public/Subject.png"
        />
        <div
          className="card-body"
        >
          <div
            className="card-title h5"
          >
            TheQueepingHour
          </div>
          <p
            className="card-text"
          >
            I'm a new developer that's learning all I can in order to pursue a career in software development.
          </p>
        </div>
      </div>
    </div>
  </header>
</div>
`;
